This is pdfTeX, Version 3.141592653-2.6-1.40.28 (MiKTeX 25.12) (preloaded format=pdflatex.fmt)
 restricted \write18 enabled.
entering extended mode
(main.tex
LaTeX2e <2025-11-01>
L3 programming layer <2025-12-24>
(preamble.tex
(C:\Users\epsil\AppData\Local\Programs\MiKTeX\tex/latex/base\article.cls
Document Class: article 2025/01/22 v1.4n Standard LaTeX document class
(C:\Users\epsil\AppData\Local\Programs\MiKTeX\tex/latex/base\size11.clo))
(C:\Users\epsil\AppData\Local\Programs\MiKTeX\tex/latex/geometry\geometry.sty
(C:\Users\epsil\AppData\Local\Programs\MiKTeX\tex/latex/graphics\keyval.sty)
(C:\Users\epsil\AppData\Local\Programs\MiKTeX\tex/generic/iftex\ifvtex.sty
(C:\Users\epsil\AppData\Local\Programs\MiKTeX\tex/generic/iftex\iftex.sty))
(C:\Users\epsil\AppData\Local\Programs\MiKTeX\tex/latex/geometry\geometry.cfg))
(C:\Users\epsil\AppData\Local\Programs\MiKTeX\tex/latex/base\inputenc.sty)
(C:\Users\epsil\AppData\Local\Programs\MiKTeX\tex/latex/amsmath\amsmath.sty
For additional information on amsmath, use the `?' option.
(C:\Users\epsil\AppData\Local\Programs\MiKTeX\tex/latex/amsmath\amstext.sty
(C:\Users\epsil\AppData\Local\Programs\MiKTeX\tex/latex/amsmath\amsgen.sty))
(C:\Users\epsil\AppData\Local\Programs\MiKTeX\tex/latex/amsmath\amsbsy.sty)
(C:\Users\epsil\AppData\Local\Programs\MiKTeX\tex/latex/amsmath\amsopn.sty))
(C:\Users\epsil\AppData\Local\Programs\MiKTeX\tex/latex/amsfonts\amssymb.sty
(C:\Users\epsil\AppData\Local\Programs\MiKTeX\tex/latex/amsfonts\amsfonts.sty))
 (C:\Users\epsil\AppData\Local\Programs\MiKTeX\tex/latex/graphics\graphicx.sty
(C:\Users\epsil\AppData\Local\Programs\MiKTeX\tex/latex/graphics\graphics.sty
(C:\Users\epsil\AppData\Local\Programs\MiKTeX\tex/latex/graphics\trig.sty)
(C:\Users\epsil\AppData\Local\Programs\MiKTeX\tex/latex/graphics-cfg\graphics.c
fg)
(C:\Users\epsil\AppData\Local\Programs\MiKTeX\tex/latex/graphics-def\pdftex.def
)))
(C:\Users\epsil\AppData\Local\Programs\MiKTeX\tex/latex/booktabs\booktabs.sty)
(C:\Users\epsil\AppData\Local\Programs\MiKTeX\tex/latex/caption\caption.sty
(C:\Users\epsil\AppData\Local\Programs\MiKTeX\tex/latex/caption\caption3.sty))
(C:\Users\epsil\AppData\Local\Programs\MiKTeX\tex/latex/hyperref\hyperref.sty
(C:\Users\epsil\AppData\Local\Programs\MiKTeX\tex/latex/kvsetkeys\kvsetkeys.sty
)
(C:\Users\epsil\AppData\Local\Programs\MiKTeX\tex/generic/kvdefinekeys\kvdefine
keys.sty)
(C:\Users\epsil\AppData\Local\Programs\MiKTeX\tex/generic/pdfescape\pdfescape.s
ty
(C:\Users\epsil\AppData\Local\Programs\MiKTeX\tex/generic/ltxcmds\ltxcmds.sty)
(C:\Users\epsil\AppData\Local\Programs\MiKTeX\tex/generic/pdftexcmds\pdftexcmds
.sty
(C:\Users\epsil\AppData\Local\Programs\MiKTeX\tex/generic/infwarerr\infwarerr.s
ty)))
(C:\Users\epsil\AppData\Local\Programs\MiKTeX\tex/latex/hycolor\hycolor.sty)
(C:\Users\epsil\AppData\Local\Programs\MiKTeX\tex/latex/hyperref\nameref.sty
(C:\Users\epsil\AppData\Local\Programs\MiKTeX\tex/latex/refcount\refcount.sty)
(C:\Users\epsil\AppData\Local\Programs\MiKTeX\tex/generic/gettitlestring\gettit
lestring.sty
(C:\Users\epsil\AppData\Local\Programs\MiKTeX\tex/latex/kvoptions\kvoptions.sty
)))
(C:\Users\epsil\AppData\Local\Programs\MiKTeX\tex/latex/etoolbox\etoolbox.sty)
(C:\Users\epsil\AppData\Local\Programs\MiKTeX\tex/generic/stringenc\stringenc.s
ty) (C:\Users\epsil\AppData\Local\Programs\MiKTeX\tex/latex/hyperref\pd1enc.def
) (C:\Users\epsil\AppData\Local\Programs\MiKTeX\tex/generic/intcalc\intcalc.sty
) (C:\Users\epsil\AppData\Local\Programs\MiKTeX\tex/latex/hyperref\puenc.def)
(C:\Users\epsil\AppData\Local\Programs\MiKTeX\tex/latex/url\url.sty)
(C:\Users\epsil\AppData\Local\Programs\MiKTeX\tex/generic/bitset\bitset.sty
(C:\Users\epsil\AppData\Local\Programs\MiKTeX\tex/generic/bigintcalc\bigintcalc
.sty)))
(C:\Users\epsil\AppData\Local\Programs\MiKTeX\tex/latex/hyperref\hpdftex.def
(C:\Users\epsil\AppData\Local\Programs\MiKTeX\tex/latex/rerunfilecheck\rerunfil
echeck.sty
(C:\Users\epsil\AppData\Local\Programs\MiKTeX\tex/generic/uniquecounter\uniquec
ounter.sty)))
(C:\Users\epsil\AppData\Local\Programs\MiKTeX\tex/latex/enumitem\enumitem.sty)
(C:\Users\epsil\AppData\Local\Programs\MiKTeX\tex/latex/natbib\natbib.sty)
(C:\Users\epsil\AppData\Local\Programs\MiKTeX\tex/latex/xcolor\xcolor.sty
(C:\Users\epsil\AppData\Local\Programs\MiKTeX\tex/latex/graphics-cfg\color.cfg)
(C:\Users\epsil\AppData\Local\Programs\MiKTeX\tex/latex/graphics\mathcolor.ltx)
) (C:\Users\epsil\AppData\Local\Programs\MiKTeX\tex/latex/framed\framed.sty))
(C:\Users\epsil\AppData\Local\Programs\MiKTeX\tex/latex/l3backend\l3backend-pdf
tex.def) (main.aux)
*geometry* driver: auto-detecting
*geometry* detected driver: pdftex

(C:\Users\epsil\AppData\Local\Programs\MiKTeX\tex/context/base/mkii\supp-pdf.mk
ii
[Loading MPS to PDF converter (version 2006.09.02).]
)
(C:\Users\epsil\AppData\Local\Programs\MiKTeX\tex/latex/epstopdf-pkg\epstopdf-b
ase.sty
(C:\Users\epsil\AppData\Local\Programs\MiKTeX\tex/latex/00miktex\epstopdf-sys.c
fg)) (main.out) (main.out)
(C:\Users\epsil\AppData\Local\Programs\MiKTeX\tex/latex/amsfonts\umsa.fd)
(C:\Users\epsil\AppData\Local\Programs\MiKTeX\tex/latex/amsfonts\umsb.fd)
Underfull \hbox (badness 2799) in paragraph at lines 14--14
[][]\OT1/cmr/m/n/9 Independent re-searcher; for-merly a PhD can-di-date at Carn
egie Mel-lon Uni-ver-sity. Com-ments to
(abstract.tex) (rp_intro.tex [1{C:/Users/epsil/AppData/Local/MiKTeX/fonts/map/p
dftex/pdftex.map}]) (rp_related.tex [2]
Underfull \hbox (badness 3118) in paragraph at lines 75--75
[]\OT1/cmr/m/n/10 resonance ([]Bar-ron et al.[], []2018[]),

LaTeX Warning: `h' float specifier changed to `ht'.

[3]) (rp_measure.tex [4] [5] [6] [7] [8] [9]) (sec2_registration.tex

LaTeX Warning: `h' float specifier changed to `ht'.


LaTeX Warning: `h' float specifier changed to `ht'.

[10] [11 <../results/fig_registration_deciles.png>]) (sec3_gate.tex [12 <../res
ults/fig_registration_plane.png>] [13] [14]

LaTeX Warning: `h' float specifier changed to `ht'.


LaTeX Warning: `h' float specifier changed to `ht'.

(../results/resolution_compare.tex) [15]) (sec4_waves.tex [16]

LaTeX Warning: `h' float specifier changed to `ht'.

[17]

LaTeX Warning: `h' float specifier changed to `ht'.

(../results/gate_era_tech_classes.tex) (../results/gate_era_tech_themes.tex
Underfull \hbox (badness 1137) in paragraph at lines 9--9
[]\OT1/cmr/m/n/9 apparatus, sys-tems, de-vices, elec-

Underfull \hbox (badness 10000) in paragraph at lines 16--16
[]\OT1/cmr/m/n/9 All themes, within
) [18]

LaTeX Warning: `h' float specifier changed to `ht'.


LaTeX Warning: `h' float specifier changed to `ht'.

[19]

LaTeX Warning: `h' float specifier changed to `ht'.

[20]) (sec5_success.tex [21]

LaTeX Warning: `h' float specifier changed to `ht'.

[22] [23]) (rp_discussion.tex [24] (../results/staged_outcomes_table.tex
Overfull \hbox (10.83426pt too wide) in paragraph at lines 4--19
 [][] 
) [25] [26]) (sec5_robustness.tex [27]) (rp_appendix_data.tex
Underfull \hbox (badness 1681) in paragraph at lines 10--13
[]\OT1/cmr/m/n/10 USPTO Trade-mark An-nual Ap-pli-ca-tions back-file (TR-

LaTeX Warning: `h' float specifier changed to `ht'.


LaTeX Warning: `h' float specifier changed to `ht'.

) (backmatter.tex [28]) (bibliography_rp.tex [29]
Underfull \hbox (badness 7203) in paragraph at lines 97--99
[]\OT1/cmr/m/n/10.95 PatentsView. (2024). Patent and as-signee data, US Patent 
and Trade-mark Of-fice.
[30]) [31] [32 <../results/event_gate_forest.png>] [33 <../results/fig_resoluti
on_compare.png> <../results/fig_cohort_slopes.png>] [34 <../results/gate_era_pr
ofile.png> <../results/gate_era_tech_themes.png>] [35 <../results/fig_internet_
scatter.png>] [36 <../results/fig_cohort_slopes_internet.png> <../results/fig_s
uccess_ventiles.png>] [37 <../results/burnin.png>] (main.aux) )
(see the transcript file for additional information) <C:\Users\epsil\AppData\Lo
cal\MiKTeX\fonts/pk/ljfour/jknappen/ec/dpi600\tcrm0900.pk> <C:\Users\epsil\AppD
ata\Local\MiKTeX\fonts/pk/ljfour/jknappen/ec/dpi600\tcrm1000.pk> <C:\Users\epsi
l\AppData\Local\MiKTeX\fonts/pk/ljfour/jknappen/ec/dpi600\tcrm1095.pk> <C:\User
s\epsil\AppData\Local\MiKTeX\fonts/pk/ljfour/jknappen/ec/dpi600\tcrm0600.pk> <C
:\Users\epsil\AppData\Local\MiKTeX\fonts/pk/ljfour/jknappen/ec/dpi600\tcrm0800.
pk><C:/Users/epsil/AppData/Local/Programs/MiKTeX/fonts/type1/public/amsfonts/cm
/cmbx10.pfb><C:/Users/epsil/AppData/Local/Programs/MiKTeX/fonts/type1/public/am
sfonts/cm/cmbx12.pfb><C:/Users/epsil/AppData/Local/Programs/MiKTeX/fonts/type1/
public/amsfonts/cm/cmcsc10.pfb><C:/Users/epsil/AppData/Local/Programs/MiKTeX/fo
nts/type1/public/amsfonts/cm/cmex10.pfb><C:/Users/epsil/AppData/Local/Programs/
MiKTeX/fonts/type1/public/amsfonts/cm/cmmi10.pfb><C:/Users/epsil/AppData/Local/
Programs/MiKTeX/fonts/type1/public/amsfonts/cm/cmmi8.pfb><C:/Users/epsil/AppDat
a/Local/Programs/MiKTeX/fonts/type1/public/amsfonts/cm/cmmi9.pfb><C:/Users/epsi
l/AppData/Local/Programs/MiKTeX/fonts/type1/public/amsfonts/cm/cmr10.pfb><C:/Us
ers/epsil/AppData/Local/Programs/MiKTeX/fonts/type1/public/amsfonts/cm/cmr12.pf
b><C:/Users/epsil/AppData/Local/Programs/MiKTeX/fonts/type1/public/amsfonts/cm/
cmr6.pfb><C:/Users/epsil/AppData/Local/Programs/MiKTeX/fonts/type1/public/amsfo
nts/cm/cmr7.pfb><C:/Users/epsil/AppData/Local/Programs/MiKTeX/fonts/type1/publi
c/amsfonts/cm/cmr8.pfb><C:/Users/epsil/AppData/Local/Programs/MiKTeX/fonts/type
1/public/amsfonts/cm/cmr9.pfb><C:/Users/epsil/AppData/Local/Programs/MiKTeX/fon
ts/type1/public/amsfonts/cm/cmsy10.pfb><C:/Users/epsil/AppData/Local/Programs/M
iKTeX/fonts/type1/public/amsfonts/cm/cmsy7.pfb><C:/Users/epsil/AppData/Local/Pr
ograms/MiKTeX/fonts/type1/public/amsfonts/cm/cmsy8.pfb><C:/Users/epsil/AppData/
Local/Programs/MiKTeX/fonts/type1/public/amsfonts/cm/cmsy9.pfb><C:/Users/epsil/
AppData/Local/Programs/MiKTeX/fonts/type1/public/amsfonts/cm/cmti10.pfb><C:/Use
rs/epsil/AppData/Local/Programs/MiKTeX/fonts/type1/public/amsfonts/cm/cmti9.pfb
><C:/Users/epsil/AppData/Local/Programs/MiKTeX/fonts/type1/public/amsfonts/cm/c
mtt10.pfb><C:/Users/epsil/AppData/Local/Programs/MiKTeX/fonts/type1/public/amsf
onts/cm/cmtt9.pfb>
Output written on main.pdf (37 pages, 1747044 bytes).
Transcript written on main.log.
pdflatex: major issue: So far, you have not checked for MiKTeX updates.
