This is pdfTeX, Version 3.141592653-2.6-1.40.28 (MiKTeX 25.12) (preloaded format=pdflatex.fmt)
 restricted \write18 enabled.
entering extended mode
(main.tex
LaTeX2e <2025-11-01>
L3 programming layer <2025-12-24>
(preamble.tex
(C:\Users\epsil\AppData\Local\Programs\MiKTeX\tex/latex/base\article.cls
Document Class: article 2025/01/22 v1.4n Standard LaTeX document class
(C:\Users\epsil\AppData\Local\Programs\MiKTeX\tex/latex/base\size11.clo))
(C:\Users\epsil\AppData\Local\Programs\MiKTeX\tex/latex/geometry\geometry.sty
(C:\Users\epsil\AppData\Local\Programs\MiKTeX\tex/latex/graphics\keyval.sty)
(C:\Users\epsil\AppData\Local\Programs\MiKTeX\tex/generic/iftex\ifvtex.sty
(C:\Users\epsil\AppData\Local\Programs\MiKTeX\tex/generic/iftex\iftex.sty))
(C:\Users\epsil\AppData\Local\Programs\MiKTeX\tex/latex/geometry\geometry.cfg))
(C:\Users\epsil\AppData\Local\Programs\MiKTeX\tex/latex/base\inputenc.sty)
(C:\Users\epsil\AppData\Local\Programs\MiKTeX\tex/latex/amsmath\amsmath.sty
For additional information on amsmath, use the `?' option.
(C:\Users\epsil\AppData\Local\Programs\MiKTeX\tex/latex/amsmath\amstext.sty
(C:\Users\epsil\AppData\Local\Programs\MiKTeX\tex/latex/amsmath\amsgen.sty))
(C:\Users\epsil\AppData\Local\Programs\MiKTeX\tex/latex/amsmath\amsbsy.sty)
(C:\Users\epsil\AppData\Local\Programs\MiKTeX\tex/latex/amsmath\amsopn.sty))
(C:\Users\epsil\AppData\Local\Programs\MiKTeX\tex/latex/amsfonts\amssymb.sty
(C:\Users\epsil\AppData\Local\Programs\MiKTeX\tex/latex/amsfonts\amsfonts.sty))
 (C:\Users\epsil\AppData\Local\Programs\MiKTeX\tex/latex/graphics\graphicx.sty
(C:\Users\epsil\AppData\Local\Programs\MiKTeX\tex/latex/graphics\graphics.sty
(C:\Users\epsil\AppData\Local\Programs\MiKTeX\tex/latex/graphics\trig.sty)
(C:\Users\epsil\AppData\Local\Programs\MiKTeX\tex/latex/graphics-cfg\graphics.c
fg)
(C:\Users\epsil\AppData\Local\Programs\MiKTeX\tex/latex/graphics-def\pdftex.def
)))
(C:\Users\epsil\AppData\Local\Programs\MiKTeX\tex/latex/booktabs\booktabs.sty)
(C:\Users\epsil\AppData\Local\Programs\MiKTeX\tex/latex/caption\caption.sty
(C:\Users\epsil\AppData\Local\Programs\MiKTeX\tex/latex/caption\caption3.sty))
(C:\Users\epsil\AppData\Local\Programs\MiKTeX\tex/latex/hyperref\hyperref.sty
(C:\Users\epsil\AppData\Local\Programs\MiKTeX\tex/latex/kvsetkeys\kvsetkeys.sty
)
(C:\Users\epsil\AppData\Local\Programs\MiKTeX\tex/generic/kvdefinekeys\kvdefine
keys.sty)
(C:\Users\epsil\AppData\Local\Programs\MiKTeX\tex/generic/pdfescape\pdfescape.s
ty
(C:\Users\epsil\AppData\Local\Programs\MiKTeX\tex/generic/ltxcmds\ltxcmds.sty)
(C:\Users\epsil\AppData\Local\Programs\MiKTeX\tex/generic/pdftexcmds\pdftexcmds
.sty
(C:\Users\epsil\AppData\Local\Programs\MiKTeX\tex/generic/infwarerr\infwarerr.s
ty)))
(C:\Users\epsil\AppData\Local\Programs\MiKTeX\tex/latex/hycolor\hycolor.sty)
(C:\Users\epsil\AppData\Local\Programs\MiKTeX\tex/latex/hyperref\nameref.sty
(C:\Users\epsil\AppData\Local\Programs\MiKTeX\tex/latex/refcount\refcount.sty)
(C:\Users\epsil\AppData\Local\Programs\MiKTeX\tex/generic/gettitlestring\gettit
lestring.sty
(C:\Users\epsil\AppData\Local\Programs\MiKTeX\tex/latex/kvoptions\kvoptions.sty
)))
(C:\Users\epsil\AppData\Local\Programs\MiKTeX\tex/latex/etoolbox\etoolbox.sty)
(C:\Users\epsil\AppData\Local\Programs\MiKTeX\tex/generic/stringenc\stringenc.s
ty) (C:\Users\epsil\AppData\Local\Programs\MiKTeX\tex/latex/hyperref\pd1enc.def
) (C:\Users\epsil\AppData\Local\Programs\MiKTeX\tex/generic/intcalc\intcalc.sty
) (C:\Users\epsil\AppData\Local\Programs\MiKTeX\tex/latex/hyperref\puenc.def)
(C:\Users\epsil\AppData\Local\Programs\MiKTeX\tex/latex/url\url.sty)
(C:\Users\epsil\AppData\Local\Programs\MiKTeX\tex/generic/bitset\bitset.sty
(C:\Users\epsil\AppData\Local\Programs\MiKTeX\tex/generic/bigintcalc\bigintcalc
.sty)))
(C:\Users\epsil\AppData\Local\Programs\MiKTeX\tex/latex/hyperref\hpdftex.def
(C:\Users\epsil\AppData\Local\Programs\MiKTeX\tex/latex/rerunfilecheck\rerunfil
echeck.sty
(C:\Users\epsil\AppData\Local\Programs\MiKTeX\tex/generic/uniquecounter\uniquec
ounter.sty)))
(C:\Users\epsil\AppData\Local\Programs\MiKTeX\tex/latex/enumitem\enumitem.sty)
(C:\Users\epsil\AppData\Local\Programs\MiKTeX\tex/latex/natbib\natbib.sty)
(C:\Users\epsil\AppData\Local\Programs\MiKTeX\tex/latex/xcolor\xcolor.sty
(C:\Users\epsil\AppData\Local\Programs\MiKTeX\tex/latex/graphics-cfg\color.cfg)
(C:\Users\epsil\AppData\Local\Programs\MiKTeX\tex/latex/graphics\mathcolor.ltx)
) (C:\Users\epsil\AppData\Local\Programs\MiKTeX\tex/latex/framed\framed.sty))
(C:\Users\epsil\AppData\Local\Programs\MiKTeX\tex/latex/l3backend\l3backend-pdf
tex.def) (main.aux)
*geometry* driver: auto-detecting
*geometry* detected driver: pdftex

(C:\Users\epsil\AppData\Local\Programs\MiKTeX\tex/context/base/mkii\supp-pdf.mk
ii
[Loading MPS to PDF converter (version 2006.09.02).]
)
(C:\Users\epsil\AppData\Local\Programs\MiKTeX\tex/latex/epstopdf-pkg\epstopdf-b
ase.sty
(C:\Users\epsil\AppData\Local\Programs\MiKTeX\tex/latex/00miktex\epstopdf-sys.c
fg)) (main.out) (main.out
! I can't write on file `main.pdf'.
(Press Enter to retry, or Control-C to exit; default file extension is `.pdf')
Please type another file name for output
! Emergency stop.
\Hy@OutlineName ...utline goto name{#2}count#3{#4}
                                                  
l.1 ...\000o\000d\000u\000c\000t\000i\000o\000n}{}
                                                  % 1
!  ==> Fatal error occurred, no output PDF file produced!
Transcript written on main.log.
pdflatex: major issue: So far, you have not checked for MiKTeX updates.
