\BOOKMARK [1][-]{section.1}{\376\377\000C\000o\000r\000p\000u\000s\000,\000\040\000s\000c\000o\000r\000i\000n\000g\000,\000\040\000a\000n\000d\000\040\000b\000u\000r\000n\000-\000i\000n}{}% 1
\BOOKMARK [2][-]{subsection.1.1}{\376\377\000C\000o\000r\000p\000u\000s\000\040\000a\000n\000d\000\040\000s\000c\000o\000r\000i\000n\000g}{section.1}% 2
\BOOKMARK [2][-]{subsection.1.2}{\376\377\000S\000c\000o\000r\000e\000s\000\040\000a\000r\000e\000\040\000i\000n\000t\000e\000r\000p\000r\000e\000t\000a\000b\000l\000e\000\040\000f\000r\000o\000m\000\040\0001\0009\0009\0005}{section.1}% 3
\BOOKMARK [1][-]{section.2}{\376\377\000E\000x\000a\000m\000i\000n\000a\000t\000i\000o\000n\000\040\000r\000e\000w\000a\000r\000d\000s\000\040\000a\000\040\000m\000i\000d\000d\000l\000i\000n\000g\000\040\000s\000p\000e\000c\000i\000f\000i\000c\000i\000t\000y}{}% 4
\BOOKMARK [1][-]{section.3}{\376\377\000I\000n\000t\000e\000r\000n\000e\000t\000-\000b\000e\000a\000r\000i\000n\000g\000\040\000f\000i\000l\000i\000n\000g\000s\000\040\000b\000y\000\040\000c\000l\000a\000s\000s}{}% 5
\BOOKMARK [1][-]{section.4}{\376\377\000H\000o\000w\000\040\000r\000e\000f\000i\000l\000e\000d\000\040\000d\000e\000s\000c\000r\000i\000p\000t\000i\000o\000n\000s\000\040\000a\000r\000e\000\040\000r\000e\000w\000r\000i\000t\000t\000e\000n}{}% 6
\BOOKMARK [1][-]{section.5}{\376\377\000T\000e\000r\000m\000\040\000s\000c\000o\000r\000i\000n\000g\000\040\000m\000e\000a\000s\000u\000r\000e\000s\000\040\000l\000e\000n\000g\000t\000h\000;\000\040\000t\000h\000e\000m\000e\000\040\000s\000c\000o\000r\000i\000n\000g\000\040\000d\000o\000e\000s\000\040\000n\000o\000t}{}% 7
\BOOKMARK [1][-]{section.6}{\376\377\000H\000o\000w\000\040\000t\000h\000r\000e\000e\000\040\000f\000i\000l\000i\000n\000g\000s\000\040\000e\000n\000c\000o\000d\000e}{}% 8
\BOOKMARK [1][-]{section.7}{\376\377\000M\000a\000t\000e\000r\000i\000a\000l\000\040\000d\000e\000m\000o\000t\000e\000d\000\040\000f\000r\000o\000m\000\040\000t\000h\000e\000\040\000r\000e\000s\000u\000l\000t\000s\000\040\000s\000e\000c\000t\000i\000o\000n\000s}{}% 9
\BOOKMARK [2][-]{subsection.7.1}{\376\377\000R\000e\000g\000i\000s\000t\000r\000a\000t\000i\000o\000n\000:\000\040\000r\000e\000f\000i\000l\000i\000n\000g\000\040\000p\000r\000o\000p\000e\000n\000s\000i\000t\000y}{section.7}% 10
\BOOKMARK [2][-]{subsection.7.2}{\376\377\000T\000h\000e\000\040\000f\000i\000v\000e\000-\000y\000e\000a\000r\000\040\000p\000r\000o\000o\000f\000:\000\040\000t\000i\000m\000i\000n\000g\000,\000\040\000t\000i\000e\000s\000,\000\040\000a\000n\000d\000\040\000p\000e\000r\000-\000c\000l\000a\000s\000s\000\040\000e\000x\000t\000r\000e\000m\000e\000s}{section.7}% 11
\BOOKMARK [2][-]{subsection.7.3}{\376\377\000W\000a\000v\000e\000s\000:\000\040\000t\000h\000e\000\040\000t\000h\000e\000m\000e\000\040\000t\000o\000u\000r\000,\000\040\000i\000n\000t\000e\000r\000n\000e\000t\000\040\000c\000o\000n\000v\000e\000r\000g\000e\000n\000c\000e\000,\000\040\000a\000n\000d\000\040\000s\000u\000r\000g\000e\000s}{section.7}% 12
\BOOKMARK [2][-]{subsection.7.4}{\376\377\000S\000u\000c\000c\000e\000s\000s\000:\000\040\000t\000h\000e\000\040\000u\000n\000f\000u\000n\000d\000e\000d\000\040\000l\000i\000s\000t\000i\000n\000g\000s\000,\000\040\000t\000h\000e\000\040\000v\000a\000l\000u\000e\000\040\000t\000i\000e\000r\000s\000,\000\040\000a\000n\000d\000\040\000t\000h\000e\000\040\000c\000u\000r\000a\000t\000e\000d\000\040\000v\000o\000c\000a\000b\000u\000l\000a\000r\000i\000e\000s}{section.7}% 13
\BOOKMARK [2][-]{subsection.7.5}{\376\377\000P\000a\000i\000r\000\040\000l\000e\000a\000d\000\040\000c\000o\000r\000p\000u\000s\000-\000w\000i\000d\000e}{section.7}% 14
\BOOKMARK [2][-]{subsection.7.6}{\376\377\000T\000h\000e\000\040\000m\000e\000a\000s\000u\000r\000e\000:\000\040\000A\000m\000a\000z\000o\000n\000'\000s\000\040\000t\000h\000e\000m\000e\000\040\000s\000h\000a\000r\000e\000s\000\040\000a\000n\000d\000\040\000t\000h\000e\000\040\000l\000e\000n\000g\000t\000h\000\040\000n\000u\000l\000l}{section.7}% 15
\BOOKMARK [1][-]{section.8}{\376\377\000R\000o\000b\000u\000s\000t\000n\000e\000s\000s\000:\000\040\000w\000h\000a\000t\000\040\000c\000h\000a\000n\000g\000e\000s\000\040\000u\000n\000d\000e\000r\000\040\000o\000t\000h\000e\000r\000\040\000c\000h\000o\000i\000c\000e\000s}{}% 16
\BOOKMARK [2][-]{subsection.8.1}{\376\377\000R\000e\000p\000r\000e\000s\000e\000n\000t\000a\000t\000i\000o\000n\000\040\000a\000n\000d\000\040\000w\000e\000i\000g\000h\000t\000i\000n\000g}{section.8}% 17
\BOOKMARK [2][-]{subsection.8.2}{\376\377\000T\000h\000e\000m\000e\000\040\000r\000e\000s\000o\000l\000u\000t\000i\000o\000n}{section.8}% 18
\BOOKMARK [2][-]{subsection.8.3}{\376\377\000F\000i\000t\000t\000i\000n\000g\000\040\000n\000o\000i\000s\000e\000\040\000a\000t\000\040\000o\000n\000e\000\040\000r\000e\000s\000o\000l\000u\000t\000i\000o\000n}{section.8}% 19
\BOOKMARK [2][-]{subsection.8.4}{\376\377\000D\000e\000c\000a\000y\000e\000d\000\040\000r\000e\000f\000e\000r\000e\000n\000c\000e\000\040\000w\000i\000n\000d\000o\000w\000s}{section.8}% 20
\BOOKMARK [2][-]{subsection.8.5}{\376\377\000W\000i\000n\000d\000o\000w\000\040\000w\000i\000d\000t\000h}{section.8}% 21
\BOOKMARK [2][-]{subsection.8.6}{\376\377\000M\000i\000x\000i\000n\000g\000\040\000t\000h\000e\000\040\000t\000w\000o\000\040\000w\000i\000n\000d\000o\000w\000s}{section.8}% 22
\BOOKMARK [2][-]{subsection.8.7}{\376\377\000W\000i\000t\000h\000o\000u\000t\000\040\000c\000o\000n\000d\000i\000t\000i\000o\000n\000i\000n\000g\000\040\000o\000n\000\040\000g\000r\000a\000n\000t}{section.8}% 23
\BOOKMARK [2][-]{subsection.8.8}{\376\377\000T\000o\000g\000g\000l\000e\000d\000\040\000f\000i\000l\000t\000e\000r\000s\000,\000\040\000w\000i\000n\000d\000o\000w\000s\000\040\000a\000n\000d\000\040\000p\000a\000r\000a\000m\000e\000t\000e\000r\000s}{section.8}% 24
\BOOKMARK [2][-]{subsection.8.9}{\376\377\000C\000h\000a\000n\000g\000i\000n\000g\000\040\000t\000h\000e\000\040\000t\000i\000m\000e\000\040\000p\000e\000r\000i\000o\000d}{section.8}% 25
\BOOKMARK [2][-]{subsection.8.10}{\376\377\000L\000e\000a\000d\000\040\000i\000s\000\040\000a\000\040\000s\000m\000a\000l\000l\000\040\000r\000e\000s\000i\000d\000u\000a\000l}{section.8}% 26
\BOOKMARK [2][-]{subsection.8.11}{\376\377\000T\000e\000r\000m\000\040\000s\000c\000o\000r\000i\000n\000g\000\040\000a\000s\000\040\000a\000\040\000c\000r\000o\000s\000s\000-\000c\000h\000e\000c\000k}{section.8}% 27
\BOOKMARK [2][-]{subsection.8.12}{\376\377\000T\000e\000r\000m\000\040\000s\000c\000o\000r\000i\000n\000g\000\040\000a\000t\000\040\000t\000h\000e\000\040\000f\000i\000r\000m\000\040\000l\000e\000v\000e\000l}{section.8}% 28
\BOOKMARK [2][-]{subsection.8.13}{\376\377\000F\000u\000n\000c\000t\000i\000o\000n\000a\000l\000\040\000f\000o\000r\000m}{section.8}% 29
\BOOKMARK [2][-]{subsection.8.14}{\376\377\000L\000i\000s\000t\000i\000n\000g\000\040\000a\000g\000a\000i\000n\000s\000t\000\040\000r\000e\000p\000o\000r\000t\000i\000n\000g}{section.8}% 30
\BOOKMARK [2][-]{subsection.8.15}{\376\377\000F\000i\000l\000i\000n\000g\000s\000\040\000a\000r\000e\000\040\000n\000o\000t\000\040\000i\000n\000d\000e\000p\000e\000n\000d\000e\000n\000t\000\040\000d\000r\000a\000w\000s}{section.8}% 31
\BOOKMARK [2][-]{subsection.8.16}{\376\377\000W\000h\000a\000t\000\040\000r\000e\000m\000a\000i\000n\000s\000\040\000u\000n\000r\000e\000s\000o\000l\000v\000e\000d}{section.8}% 32
