This is pdfTeX, Version 3.141592653-2.6-1.40.28 (MiKTeX 25.12) (preloaded format=pdflatex.fmt)
 restricted \write18 enabled.
entering extended mode
(supp_blind.tex
LaTeX2e <2025-11-01>
L3 programming layer <2025-12-24>
(../preamble.tex
(C:\Users\epsil\AppData\Local\Programs\MiKTeX\tex/latex/base\article.cls
Document Class: article 2025/01/22 v1.4n Standard LaTeX document class
(C:\Users\epsil\AppData\Local\Programs\MiKTeX\tex/latex/base\size11.clo))
(C:\Users\epsil\AppData\Local\Programs\MiKTeX\tex/latex/geometry\geometry.sty
(C:\Users\epsil\AppData\Local\Programs\MiKTeX\tex/latex/graphics\keyval.sty)
(C:\Users\epsil\AppData\Local\Programs\MiKTeX\tex/generic/iftex\ifvtex.sty
(C:\Users\epsil\AppData\Local\Programs\MiKTeX\tex/generic/iftex\iftex.sty))
(C:\Users\epsil\AppData\Local\Programs\MiKTeX\tex/latex/geometry\geometry.cfg))
(C:\Users\epsil\AppData\Local\Programs\MiKTeX\tex/latex/base\inputenc.sty)
(C:\Users\epsil\AppData\Local\Programs\MiKTeX\tex/latex/amsmath\amsmath.sty
For additional information on amsmath, use the `?' option.
(C:\Users\epsil\AppData\Local\Programs\MiKTeX\tex/latex/amsmath\amstext.sty
(C:\Users\epsil\AppData\Local\Programs\MiKTeX\tex/latex/amsmath\amsgen.sty))
(C:\Users\epsil\AppData\Local\Programs\MiKTeX\tex/latex/amsmath\amsbsy.sty)
(C:\Users\epsil\AppData\Local\Programs\MiKTeX\tex/latex/amsmath\amsopn.sty))
(C:\Users\epsil\AppData\Local\Programs\MiKTeX\tex/latex/amsfonts\amssymb.sty
(C:\Users\epsil\AppData\Local\Programs\MiKTeX\tex/latex/amsfonts\amsfonts.sty))
 (C:\Users\epsil\AppData\Local\Programs\MiKTeX\tex/latex/graphics\graphicx.sty
(C:\Users\epsil\AppData\Local\Programs\MiKTeX\tex/latex/graphics\graphics.sty
(C:\Users\epsil\AppData\Local\Programs\MiKTeX\tex/latex/graphics\trig.sty)
(C:\Users\epsil\AppData\Local\Programs\MiKTeX\tex/latex/graphics-cfg\graphics.c
fg)
(C:\Users\epsil\AppData\Local\Programs\MiKTeX\tex/latex/graphics-def\pdftex.def
)))
(C:\Users\epsil\AppData\Local\Programs\MiKTeX\tex/latex/booktabs\booktabs.sty)
(C:\Users\epsil\AppData\Local\Programs\MiKTeX\tex/latex/caption\caption.sty
(C:\Users\epsil\AppData\Local\Programs\MiKTeX\tex/latex/caption\caption3.sty))
(C:\Users\epsil\AppData\Local\Programs\MiKTeX\tex/latex/hyperref\hyperref.sty
(C:\Users\epsil\AppData\Local\Programs\MiKTeX\tex/latex/kvsetkeys\kvsetkeys.sty
)
(C:\Users\epsil\AppData\Local\Programs\MiKTeX\tex/generic/kvdefinekeys\kvdefine
keys.sty)
(C:\Users\epsil\AppData\Local\Programs\MiKTeX\tex/generic/pdfescape\pdfescape.s
ty
(C:\Users\epsil\AppData\Local\Programs\MiKTeX\tex/generic/ltxcmds\ltxcmds.sty)
(C:\Users\epsil\AppData\Local\Programs\MiKTeX\tex/generic/pdftexcmds\pdftexcmds
.sty
(C:\Users\epsil\AppData\Local\Programs\MiKTeX\tex/generic/infwarerr\infwarerr.s
ty)))
(C:\Users\epsil\AppData\Local\Programs\MiKTeX\tex/latex/hycolor\hycolor.sty)
(C:\Users\epsil\AppData\Local\Programs\MiKTeX\tex/latex/hyperref\nameref.sty
(C:\Users\epsil\AppData\Local\Programs\MiKTeX\tex/latex/refcount\refcount.sty)
(C:\Users\epsil\AppData\Local\Programs\MiKTeX\tex/generic/gettitlestring\gettit
lestring.sty
(C:\Users\epsil\AppData\Local\Programs\MiKTeX\tex/latex/kvoptions\kvoptions.sty
)))
(C:\Users\epsil\AppData\Local\Programs\MiKTeX\tex/latex/etoolbox\etoolbox.sty)
(C:\Users\epsil\AppData\Local\Programs\MiKTeX\tex/generic/stringenc\stringenc.s
ty) (C:\Users\epsil\AppData\Local\Programs\MiKTeX\tex/latex/hyperref\pd1enc.def
) (C:\Users\epsil\AppData\Local\Programs\MiKTeX\tex/generic/intcalc\intcalc.sty
) (C:\Users\epsil\AppData\Local\Programs\MiKTeX\tex/latex/hyperref\puenc.def)
(C:\Users\epsil\AppData\Local\Programs\MiKTeX\tex/latex/url\url.sty)
(C:\Users\epsil\AppData\Local\Programs\MiKTeX\tex/generic/bitset\bitset.sty
(C:\Users\epsil\AppData\Local\Programs\MiKTeX\tex/generic/bigintcalc\bigintcalc
.sty)))
(C:\Users\epsil\AppData\Local\Programs\MiKTeX\tex/latex/hyperref\hpdftex.def
(C:\Users\epsil\AppData\Local\Programs\MiKTeX\tex/latex/rerunfilecheck\rerunfil
echeck.sty
(C:\Users\epsil\AppData\Local\Programs\MiKTeX\tex/generic/uniquecounter\uniquec
ounter.sty)))
(C:\Users\epsil\AppData\Local\Programs\MiKTeX\tex/latex/enumitem\enumitem.sty)
(C:\Users\epsil\AppData\Local\Programs\MiKTeX\tex/latex/natbib\natbib.sty)
(C:\Users\epsil\AppData\Local\Programs\MiKTeX\tex/latex/xcolor\xcolor.sty
(C:\Users\epsil\AppData\Local\Programs\MiKTeX\tex/latex/graphics-cfg\color.cfg)
(C:\Users\epsil\AppData\Local\Programs\MiKTeX\tex/latex/graphics\mathcolor.ltx)
) (C:\Users\epsil\AppData\Local\Programs\MiKTeX\tex/latex/framed\framed.sty))
(C:\Users\epsil\AppData\Local\Programs\MiKTeX\tex/latex/tools\xr.sty)
(C:\Users\epsil\AppData\Local\Programs\MiKTeX\tex/latex/l3backend\l3backend-pdf
tex.def)
No file supp_blind.aux.
*geometry* driver: auto-detecting
*geometry* detected driver: pdftex

(C:\Users\epsil\AppData\Local\Programs\MiKTeX\tex/context/base/mkii\supp-pdf.mk
ii
[Loading MPS to PDF converter (version 2006.09.02).]
)
(C:\Users\epsil\AppData\Local\Programs\MiKTeX\tex/latex/epstopdf-pkg\epstopdf-b
ase.sty
(C:\Users\epsil\AppData\Local\Programs\MiKTeX\tex/latex/00miktex\epstopdf-sys.c
fg)) (C:\Users\epsil\AppData\Local\Programs\MiKTeX\tex/latex/amsfonts\umsa.fd)
(C:\Users\epsil\AppData\Local\Programs\MiKTeX\tex/latex/amsfonts\umsb.fd)
(../../v3/appendices.tex

LaTeX Warning: Reference `app:scoring' on page 1 undefined on input line 32.

[1{C:/Users/epsil/AppData/Local/MiKTeX/fonts/map/pdftex/pdftex.map}]

LaTeX Warning: Reference `fig:profiles' on page 2 undefined on input line 71.


LaTeX Warning: Reference `fig:outcomes' on page 2 undefined on input line 73.


LaTeX Warning: `h' float specifier changed to `ht'.


LaTeX Warning: `h' float specifier changed to `ht'.


LaTeX Warning: `h' float specifier changed to `ht'.

[2 <../../results/burnin.png>] (../../results/internet_breakout.tex)

LaTeX Warning: `h' float specifier changed to `ht'.


LaTeX Warning: Reference `fig:refile' on page 3 undefined on input line 153.


LaTeX Warning: `h' float specifier changed to `ht'.


LaTeX Warning: Reference `fig:representation' on page 3 undefined on input line
 186.

[3 <../../results/debut_outcome_topic.png>]

LaTeX Warning: `h' float specifier changed to `ht'.


LaTeX Warning: Reference `tab:exhibit' on page 4 undefined on input line 229.

[4 <../../results/quintile_profiles.png>]

LaTeX Warning: Reference `tab:exhibit' on page 5 undefined on input line 249.


Overfull \hbox (1.8535pt too wide) in paragraph at lines 251--257
[]\OT1/cmr/m/sc/10.95 Ethereum \OT1/cmr/m/n/10.95 (2018, soft-ware) is \OT1/cmr
/m/it/10.95 wave \OT1/cmr/m/n/10.95 nov-elty: emer-gent vo-cab-u-lary al-ready 
dif-fus-ing (\OT1/cmr/m/it/10.95 blockchains\OT1/cmr/m/n/10.95 ,

Underfull \hbox (badness 1448) in paragraph at lines 268--268
[]\OT1/cmr/m/n/10 line search, search

Underfull \hbox (badness 3407) in paragraph at lines 268--268
[]\OT1/cmr/m/n/10 kombucha, sac-cha-

Underfull \hbox (badness 10000) in paragraph at lines 268--269
[]\OT1/cmr/m/n/10 blockchains, dis-

Underfull \hbox (badness 10000) in paragraph at lines 269--269
[]\OT1/cmr/m/n/10 video, com-puter,

Underfull \hbox (badness 10000) in paragraph at lines 269--269
[]\OT1/cmr/m/n/10 beverages, fruit,

Underfull \hbox (badness 10000) in paragraph at lines 269--270
[]\OT1/cmr/m/n/10 software, on-line,

Underfull \hbox (badness 10000) in paragraph at lines 270--270
[]\OT1/cmr/m/n/10 entertainment,

Underfull \hbox (badness 10000) in paragraph at lines 270--270
[]\OT1/cmr/m/n/10 beverages, drinks,

Underfull \hbox (badness 10000) in paragraph at lines 271--271
[]\OT1/cmr/m/n/10 beverages, drinks,

Underfull \hbox (badness 10000) in paragraph at lines 271--272
[]\OT1/cmr/m/n/10 software, on-line,

LaTeX Warning: `h' float specifier changed to `ht'.


LaTeX Warning: Reference `sec:robust_hazard' on page 5 undefined on input line 
284.

) (../supp_extras.tex [5 <../../results/fig_registration_sankey.png>] [6 <../..
/results/refile_prepost.png>]

LaTeX Warning: Reference `fig:webshape' on page 7 undefined on input line 74.


LaTeX Warning: `h' float specifier changed to `ht'.


LaTeX Warning: Reference `fig:surgesS' on page 7 undefined on input line 101.


LaTeX Warning: `h' float specifier changed to `ht'.

[7]

LaTeX Warning: Reference `tab:pairleadS' on page 8 undefined on input line 182.


(../../results/pair_lead_corpus.tex)

LaTeX Warning: `h' float specifier changed to `ht'.

) (../../v3/sec5_robustness.tex [8]

LaTeX Warning: Reference `app:scoring' on page 9 undefined on input line 63.

[9] [10] [11]

LaTeX Warning: Reference `fig:uncond' on page 12 undefined on input line 235.


LaTeX Warning: Reference `fig:s8pooled' on page 12 undefined on input line 249.



LaTeX Warning: `h' float specifier changed to `ht'.

[12]

LaTeX Warning: Reference `app:representation' on page 13 undefined on input lin
e 341.


LaTeX Warning: Reference `sec:robust_hazard' on page 13 undefined on input line
 352.

[13]

LaTeX Warning: Reference `fig:s8pooled' on page 14 undefined on input line 371.



LaTeX Warning: `h' float specifier changed to `ht'.

[14]

LaTeX Warning: `h' float specifier changed to `ht'.


LaTeX Warning: Reference `fig:shapes' on page 15 undefined on input line 462.


LaTeX Warning: Reference `fig:ldecomp' on page 15 undefined on input line 506.

[15]

LaTeX Warning: `h' float specifier changed to `ht'.

[16]) (../bibliography_rp.tex [17]
Underfull \hbox (badness 7203) in paragraph at lines 97--99
[]\OT1/cmr/m/n/10.95 PatentsView. (2024). Patent and as-signee data, US Patent 
and Trade-mark Of-fice.
[18]) [19] [20] [21 <../../results/representation_appendix.png>] [22 <../../res
ults/internet_convergence.png>] [23 <../../results/fig_surges.png> <../../resul
ts/appendix_unconditional.png>] [24] [25 <../../results/topic_outcomes_all.png>
] [26 <../../results/curve_shapes.png>] [27 <../../results/fig_L_decomposition.
png>] (supp_blind.aux)

LaTeX Warning: There were undefined references.


LaTeX Warning: Label(s) may have changed. Rerun to get cross-references right.


Package rerunfilecheck Warning: File `supp_blind.out' has changed.
(rerunfilecheck)                Rerun to get outlines right
(rerunfilecheck)                or use package `bookmark'.

 )
(see the transcript file for additional information) <C:\Users\epsil\AppData\Lo
cal\MiKTeX\fonts/pk/ljfour/jknappen/ec/dpi600\tcrm1095.pk><C:/Users/epsil/AppDa
ta/Local/Programs/MiKTeX/fonts/type1/public/amsfonts/cm/cmbx10.pfb><C:/Users/ep
sil/AppData/Local/Programs/MiKTeX/fonts/type1/public/amsfonts/cm/cmbx12.pfb><C:
/Users/epsil/AppData/Local/Programs/MiKTeX/fonts/type1/public/amsfonts/cm/cmcsc
10.pfb><C:/Users/epsil/AppData/Local/Programs/MiKTeX/fonts/type1/public/amsfont
s/cm/cmmi10.pfb><C:/Users/epsil/AppData/Local/Programs/MiKTeX/fonts/type1/publi
c/amsfonts/cm/cmmi8.pfb><C:/Users/epsil/AppData/Local/Programs/MiKTeX/fonts/typ
e1/public/amsfonts/cm/cmmi9.pfb><C:/Users/epsil/AppData/Local/Programs/MiKTeX/f
onts/type1/public/amsfonts/cm/cmr10.pfb><C:/Users/epsil/AppData/Local/Programs/
MiKTeX/fonts/type1/public/amsfonts/cm/cmr6.pfb><C:/Users/epsil/AppData/Local/Pr
ograms/MiKTeX/fonts/type1/public/amsfonts/cm/cmr7.pfb><C:/Users/epsil/AppData/L
ocal/Programs/MiKTeX/fonts/type1/public/amsfonts/cm/cmr8.pfb><C:/Users/epsil/Ap
pData/Local/Programs/MiKTeX/fonts/type1/public/amsfonts/cm/cmr9.pfb><C:/Users/e
psil/AppData/Local/Programs/MiKTeX/fonts/type1/public/amsfonts/cm/cmsy10.pfb><C
:/Users/epsil/AppData/Local/Programs/MiKTeX/fonts/type1/public/amsfonts/cm/cmsy
8.pfb><C:/Users/epsil/AppData/Local/Programs/MiKTeX/fonts/type1/public/amsfonts
/cm/cmsy9.pfb><C:/Users/epsil/AppData/Local/Programs/MiKTeX/fonts/type1/public/
amsfonts/cm/cmti10.pfb><C:/Users/epsil/AppData/Local/Programs/MiKTeX/fonts/type
1/public/amsfonts/cm/cmtt10.pfb>
Output written on supp_blind.pdf (27 pages, 2167090 bytes).
Transcript written on supp_blind.log.
pdflatex: major issue: So far, you have not checked for MiKTeX updates.
